C51 COMPILER V9.00   ULTRASONIC                                                            09/06/2015 20:47:09 PAGE 1   


C51 COMPILER V9.00, COMPILATION OF MODULE ULTRASONIC
OBJECT MODULE PLACED IN Ultrasonic.obj
COMPILER INVOKED BY: d:\Keil\C51\BIN\C51.EXE Source\Ultrasonic.c BROWSE INCDIR(..\电机控制) DEBUG OBJECTEXTEND PRINT(.\U
                    -ltrasonic.lst) OBJECT(Ultrasonic.obj)

line level    source

   1          /*
   2          版权声明：
   3          深圳市小二极客科技（小R科技）旗下：WIFI机器人网·机器人创意工作室版权所有 www.wifi-robots.com
   4          您可以任意修改本程序，并应用于自行研发的智能小车机器人及其他电子产品上，但是禁止用于商业牟利。
   5          小R科技保留付诸法律起诉侵权的权利！2015-8-22
   6          By WIFI机器人网·机器人创意工作室
   7          */
   8          
   9          #include "config.h"
  10          #include "ultrasonic.h"
  11          #include "motor.h"
  12          #include "uart.h"
  13          /*
  14            Send_wave(void)函数
  15            作用：超声波发送函数
  16            参数：无
  17            返回值：无
  18            powered by tianyalu
  19          */
  20          void Send_wave(void)
  21          {
  22   1          uint16 i;
  23   1      
  24   1              Trig = 1;
  25   1              for(i=0;i<150;i++);
  26   1              Trig = 0;
  27   1      }
  28          /*
  29            Get_Distance(void)函数
  30            作用：超声波接收函数，并计算与障碍物的距离值
  31            参数：无
  32            返回值：无
  33            powered by tianyalu
  34          */
  35          uchar Get_Distance(void)
  36          {
  37   1          uint32 Distance = 0;
  38   1      
  39   1          Send_wave();
  40   1          TH1 = 0;
  41   1          TL1 = 0;
  42   1              while(TH1<250 && Echo!= 1);       
  43   1              if(TH1 <= 250)  //测距范围<0.5M
  44   1              {
  45   2                 TH1 = 0;
  46   2                 TL1 = 0;
  47   2                 while(Echo == 1);
  48   2                 Distance = TH1;
  49   2                 Distance = Distance*256;
  50   2                 Distance = Distance + TL1;
  51   2                 Distance = Distance * 17; 
  52   2                 Distance = Distance / 22118; 
  53   2                 return (uchar)(Distance&0xFF);
  54   2              }
C51 COMPILER V9.00   ULTRASONIC                                                            09/06/2015 20:47:09 PAGE 2   

  55   1      }
  56          /*
  57            AvoidByRadar(void)函数
  58            作用：全功能超声波雷达避障函数，探测到前方障碍时停车
  59            参数：无
  60            返回值：无
  61            powered by tianyalu
  62          */
  63          void AvoidByRadar(void)
  64          {
  65   1         if(Get_Distance()<0x0A)//如果雷达回波数据小于10厘米触发
  66   1              {
  67   2                       MOTOR_GO_STOP;
  68   2              }
  69   1              else
  70   1              {
  71   2                MOTOR_GO_FORWARD;
  72   2              }
  73   1      
  74   1      }
  75          /*
  76            Send_Distance(void)函数
  77            作用：超声波雷达测距并回传函数，通信协议FF 03 00 距离值 FF ；每隔1秒发送一次
  78            参数：无
  79            返回值：无
  80            powered by tianyalu
  81          */
  82          void Send_Distance(void)
  83          {
  84   1                 UART_send_byte(0xFF);
  85   1                 UART_send_byte(0x03);
  86   1                 UART_send_byte(0x00);
  87   1                 UART_send_byte(Get_Distance());
  88   1                 UART_send_byte(0xFF);
  89   1                 Delay_Ms(1000);   
  90   1      }
*** WARNING C291 IN LINE 55 OF SOURCE\ULTRASONIC.C: not every exit path returns a value


MODULE INFORMATION:   STATIC OVERLAYABLE
   CODE SIZE        =    238    ----
   CONSTANT SIZE    =   ----    ----
   XDATA SIZE       =   ----    ----
   PDATA SIZE       =   ----    ----
   DATA SIZE        =   ----       4
   IDATA SIZE       =   ----    ----
   BIT SIZE         =   ----    ----
END OF MODULE INFORMATION.


C51 COMPILATION COMPLETE.  1 WARNING(S),  0 ERROR(S)
